remote: error: GH013: Repository rule violations found for refs/heads/main.        
remote: 
remote: - GITHUB PUSH PROTECTION        
remote:   —————————————————————————————————————————        
remote:     Resolve the following violations before pushing again        
remote: 
remote:     - Push cannot contain secrets        
remote: 
remote:             
remote:      (?) Learn how to resolve a blocked push        
remote:      https://docs.github.com/code-security/secret-scanning/working-with-secret-scanning-and-push-protection/working-with-push-protection-from-the-command-line#resolving-a-blocked-push        
remote:             
remote:             
remote:       —— Twilio Account String Identifier ——————————————————        
remote:        locations:        
remote:          - commit: affb7f4b5e2d5f7549b6c9f4cd0c57b08277ec6f        
remote:            path: .env:11        
remote:          - commit: affb7f4b5e2d5f7549b6c9f4cd0c57b08277ec6f        
remote:            path: attendance/__pycache__/views.cpython-314.pyc:48        
remote:          - commit: affb7f4b5e2d5f7549b6c9f4cd0c57b08277ec6f        
remote:            path: attendance/views.py:145        
remote:          - commit: affb7f4b5e2d5f7549b6c9f4cd0c57b08277ec6f        
remote:            path: wa_sender/__pycache__/views.cpython-314.pyc:4        
remote:          - commit: affb7f4b5e2d5f7549b6c9f4cd0c57b08277ec6f        
remote:            path: wa_sender/views.py:6        
remote:             
remote:        (?) To push, remove secret from commit(s) or follow this URL to allow the secret.        
remote:        https://github.com/saimogili875/NARESH_ANNA/security/secret-scanning/unblock-secret/3FgEZcbjtYKlMt946LKLuPeFvEl        
remote:             
remote: 
remote: 
To https://github.com/saimogili875/NARESH_ANNA.git
 ! [remote rejected] main -> main (push declined due to repository rule violations)
error: failed to push some refs to 'https://github.com/saimogili875/NARESH_ANNA.git'
